[1;36m[run][0m database → postgres at localhost:5433
[1;36m[run][0m backend  → http://localhost:8000/docs
[1;36m[run][0m frontend → http://localhost:3000   (logs in .logs/)
[1;36m[run][0m Ctrl-C to stop both.
[web] 
[web] > frontend@0.1.0 dev
[web] > next dev --port 3000
[web] 
[api] INFO:     Will watch for changes in these directories: ['/Users/kelavathbalaji/Downloads/sparkclone']
[api] INFO:     Uvicorn running on http://0.0.0.0:8000 (Press CTRL+C to quit)
[api] INFO:     Started reloader process [75232] using WatchFiles
[web] ▲ Next.js 16.3.0 (Turbopack)
[web] - Local:         http://localhost:3000
[web] - Network:       http://192.168.70.148:3000
[web] ✓ Ready in 303ms
[web] ✓ Running next.config.ts took 19ms
[api] INFO:     Started server process [75260]
[api] INFO:     Waiting for application startup.
[api] 2026-08-26 18:01:08,257 INFO apscheduler.scheduler Adding job tentatively -- it will be properly scheduled when the scheduler starts
[api] 2026-08-26 18:01:08,257 INFO apscheduler.scheduler Adding job tentatively -- it will be properly scheduled when the scheduler starts
[api] 2026-08-26 18:01:08,257 INFO apscheduler.scheduler Adding job tentatively -- it will be properly scheduled when the scheduler starts
[api] 2026-08-26 18:01:08,257 INFO apscheduler.scheduler Adding job tentatively -- it will be properly scheduled when the scheduler starts
[api] 2026-08-26 18:01:08,257 INFO apscheduler.scheduler Adding job tentatively -- it will be properly scheduled when the scheduler starts
[api] 2026-08-26 18:01:08,257 INFO apscheduler.scheduler Added job "_fire" to job store "default"
[api] 2026-08-26 18:01:08,257 INFO apscheduler.scheduler Added job "_fire" to job store "default"
[api] 2026-08-26 18:01:08,258 INFO apscheduler.scheduler Added job "_fire" to job store "default"
[api] 2026-08-26 18:01:08,258 INFO apscheduler.scheduler Added job "_fire" to job store "default"
[api] 2026-08-26 18:01:08,258 INFO apscheduler.scheduler Added job "_fire" to job store "default"
[api] 2026-08-26 18:01:08,258 INFO apscheduler.scheduler Scheduler started
[api] INFO:     Application startup complete.
[web] 
[api] INFO:     127.0.0.1:61391 - "GET /health HTTP/1.1" 200 OK
[web] [?25h
[1;33m[run][0m a process exited — shutting the stack down
[1;36m[run][0m shutting down
[api] INFO:     Shutting down
[api] INFO:     Waiting for application shutdown.
[api] INFO:     Application shutdown complete.
[api] INFO:     Finished server process [75260]
[api] INFO:     Stopping reloader process [75232]
[1;33m[run][0m backend exited (rc=0)
